==> Environment setup
==> [baseline] pyperformance timing run -> mdp_baseline.json
Python benchmark suite 1.14.0


==================================================
( 1/1) creating venv for benchmark (mdp)

(trying common venv first)
Installing requirements into the virtual environment /root/HW-SW-Proj/Mdp/venv/cpython3.10-73966b47cd1a-compat-31b33d68c68a
# /root/HW-SW-Proj/Mdp/venv/cpython3.10-73966b47cd1a-compat-31b33d68c68a/bin/python -m pip install pyperf==2.10.0
Requirement already satisfied: pyperf==2.10.0 in ./venv/cpython3.10-73966b47cd1a-compat-31b33d68c68a/lib/python3.10/site-packages (2.10.0)
Requirement already satisfied: psutil>=5.9.0 in ./venv/cpython3.10-73966b47cd1a-compat-31b33d68c68a/lib/python3.10/site-packages (from pyperf==2.10.0) (7.2.2)
Installing requirements into the virtual environment /root/HW-SW-Proj/Mdp/venv/cpython3.10-73966b47cd1a-compat-31b33d68c68a
# /root/HW-SW-Proj/Mdp/venv/cpython3.10-73966b47cd1a-compat-31b33d68c68a/bin/python -m pip install psutil
Requirement already satisfied: psutil in ./venv/cpython3.10-73966b47cd1a-compat-31b33d68c68a/lib/python3.10/site-packages (7.2.2)
# /root/HW-SW-Proj/Mdp/venv/cpython3.10-73966b47cd1a-compat-31b33d68c68a/bin/python -m pip freeze
packaging==26.3
psutil==7.2.2
pyperf==2.10.0
# /root/HW-SW-Proj/Mdp/venv/cpython3.10-73966b47cd1a-compat-31b33d68c68a/bin/python -m pip freeze
packaging==26.3
psutil==7.2.2
pyperf==2.10.0

[1/1] mdp...
# /root/HW-SW-Proj/Mdp/venv/cpython3.10-73966b47cd1a-compat-31b33d68c68a/bin/python -u /usr/local/lib/python3.10/dist-packages/pyperformance/data-files/benchmarks/bm_mdp/run_benchmark.py --output /tmp/tmplybe79b8 --inherit-environ PYPERFORMANCE_RUNID
.....................
mdp: Mean +- std dev: 10.4 sec +- 0.1 sec

Performance version: 1.14.0
Python version: 3.10.12 (64-bit)
Report on Linux-5.15.0-1104-kvm-x86_64-with-glibc2.35
Number of logical CPUs: 1
Start date: 2026-09-13 07:52:38.849990
End date: 2026-09-13 08:07:16.946358

### mdp ###
Mean +- std dev: 10.4 sec +- 0.1 sec

==> [baseline] perf record FLAT (cpu-clock, 999 Hz, no call graph) -> perf_baseline_flat.data
Couldn't record kernel reference relocation symbol
Symbol resolution may be skewed if relocation was used (e.g. kexec).
Check /proc/kallsyms permission or run as root.
perf_event__synthesize_bpf_events: failed to synthesize bpf images: No such file or directory
Couldn't synthesize bpf events.
Python benchmark suite 1.14.0


==================================================
( 1/1) creating venv for benchmark (mdp)

(trying common venv first)
Installing requirements into the virtual environment /root/HW-SW-Proj/Mdp/venv/cpython3.10-73966b47cd1a-compat-31b33d68c68a
# /root/HW-SW-Proj/Mdp/venv/cpython3.10-73966b47cd1a-compat-31b33d68c68a/bin/python -m pip install pyperf==2.10.0
Requirement already satisfied: pyperf==2.10.0 in ./venv/cpython3.10-73966b47cd1a-compat-31b33d68c68a/lib/python3.10/site-packages (2.10.0)
Requirement already satisfied: psutil>=5.9.0 in ./venv/cpython3.10-73966b47cd1a-compat-31b33d68c68a/lib/python3.10/site-packages (from pyperf==2.10.0) (7.2.2)
Installing requirements into the virtual environment /root/HW-SW-Proj/Mdp/venv/cpython3.10-73966b47cd1a-compat-31b33d68c68a
# /root/HW-SW-Proj/Mdp/venv/cpython3.10-73966b47cd1a-compat-31b33d68c68a/bin/python -m pip install psutil
Requirement already satisfied: psutil in ./venv/cpython3.10-73966b47cd1a-compat-31b33d68c68a/lib/python3.10/site-packages (7.2.2)
# /root/HW-SW-Proj/Mdp/venv/cpython3.10-73966b47cd1a-compat-31b33d68c68a/bin/python -m pip freeze
packaging==26.3
psutil==7.2.2
pyperf==2.10.0
# /root/HW-SW-Proj/Mdp/venv/cpython3.10-73966b47cd1a-compat-31b33d68c68a/bin/python -m pip freeze
packaging==26.3
psutil==7.2.2
pyperf==2.10.0

[1/1] mdp...
# /root/HW-SW-Proj/Mdp/venv/cpython3.10-73966b47cd1a-compat-31b33d68c68a/bin/python -u /usr/local/lib/python3.10/dist-packages/pyperformance/data-files/benchmarks/bm_mdp/run_benchmark.py --output /tmp/tmpqo_43h96 --inherit-environ PYPERFORMANCE_RUNID
.....................
mdp: Mean +- std dev: 10.5 sec +- 0.1 sec

Performance version: 1.14.0
Python version: 3.10.12 (64-bit)
Report on Linux-5.15.0-1104-kvm-x86_64-with-glibc2.35
Number of logical CPUs: 1
Start date: 2026-09-13 08:07:26.903224
End date: 2026-09-13 08:22:13.857864

### mdp ###
Mean +- std dev: 10.5 sec +- 0.1 sec

[ perf record: Woken up 131 times to write data ]
[ perf record: Captured and wrote 32.525 MB perf_baseline_flat.data (849419 samples) ]
Warning:
Kernel address maps (/proc/{kallsyms,modules}) were restricted.

Check /proc/sys/kernel/kptr_restrict before running 'perf record'.

As no suitable kallsyms nor vmlinux was found, kernel samples
can't be resolved.

Samples in kernel modules can't be resolved as well.

==> [baseline] perf record (cpu-clock, 999 Hz, frame-pointer call graph) -> perf_baseline.data
Couldn't record kernel reference relocation symbol
Symbol resolution may be skewed if relocation was used (e.g. kexec).
Check /proc/kallsyms permission or run as root.
perf_event__synthesize_bpf_events: failed to synthesize bpf images: No such file or directory
Couldn't synthesize bpf events.
Python benchmark suite 1.14.0


==================================================
( 1/1) creating venv for benchmark (mdp)

(trying common venv first)
Installing requirements into the virtual environment /root/HW-SW-Proj/Mdp/venv/cpython3.10-73966b47cd1a-compat-31b33d68c68a
# /root/HW-SW-Proj/Mdp/venv/cpython3.10-73966b47cd1a-compat-31b33d68c68a/bin/python -m pip install pyperf==2.10.0
Requirement already satisfied: pyperf==2.10.0 in ./venv/cpython3.10-73966b47cd1a-compat-31b33d68c68a/lib/python3.10/site-packages (2.10.0)
Requirement already satisfied: psutil>=5.9.0 in ./venv/cpython3.10-73966b47cd1a-compat-31b33d68c68a/lib/python3.10/site-packages (from pyperf==2.10.0) (7.2.2)
Installing requirements into the virtual environment /root/HW-SW-Proj/Mdp/venv/cpython3.10-73966b47cd1a-compat-31b33d68c68a
# /root/HW-SW-Proj/Mdp/venv/cpython3.10-73966b47cd1a-compat-31b33d68c68a/bin/python -m pip install psutil
Requirement already satisfied: psutil in ./venv/cpython3.10-73966b47cd1a-compat-31b33d68c68a/lib/python3.10/site-packages (7.2.2)
# /root/HW-SW-Proj/Mdp/venv/cpython3.10-73966b47cd1a-compat-31b33d68c68a/bin/python -m pip freeze
packaging==26.3
psutil==7.2.2
pyperf==2.10.0
# /root/HW-SW-Proj/Mdp/venv/cpython3.10-73966b47cd1a-compat-31b33d68c68a/bin/python -m pip freeze
packaging==26.3
psutil==7.2.2
pyperf==2.10.0

[1/1] mdp...
# /root/HW-SW-Proj/Mdp/venv/cpython3.10-73966b47cd1a-compat-31b33d68c68a/bin/python -u /usr/local/lib/python3.10/dist-packages/pyperformance/data-files/benchmarks/bm_mdp/run_benchmark.py --output /tmp/tmpf5rrgbac --inherit-environ PYPERFORMANCE_RUNID
.....................
mdp: Mean +- std dev: 10.6 sec +- 0.1 sec

Performance version: 1.14.0
Python version: 3.10.12 (64-bit)
Report on Linux-5.15.0-1104-kvm-x86_64-with-glibc2.35
Number of logical CPUs: 1
Start date: 2026-09-13 08:22:25.146012
End date: 2026-09-13 08:37:18.952543

### mdp ###
Mean +- std dev: 10.6 sec +- 0.1 sec

[ perf record: Woken up 237 times to write data ]
[ perf record: Captured and wrote 59.136 MB perf_baseline.data (854900 samples) ]
==> [baseline] perf report --stdio -> perf_baseline_report.txt
Warning:
Kernel address maps (/proc/{kallsyms,modules}) were restricted.

Check /proc/sys/kernel/kptr_restrict before running 'perf record'.

As no suitable kallsyms nor vmlinux was found, kernel samples
can't be resolved.

Samples in kernel modules can't be resolved as well.

==> [baseline] flame graph -> flamegraph_baseline.svg
==> [baseline] cProfile caller/callee graph -> profile_callers_baseline.txt
OK result=0.8987358988699915 -> wrote profile_callers_baseline.txt
==> [baseline] done. flat: # Samples: 849K of event 'cpu-clock' | call-graph: # Samples: 854K of event 'cpu-clock'
==> Skipping optimized (--skip-optimized)
==> All done. Outputs are in /root/HW-SW-Proj/Mdp
