==> Speed mode: default (20 processes x 3 values, ~14 min)
==> Environment setup
==> Skipping baseline (--skip-baseline)
==> [optimized] pyperformance timing run -> mdp_optimized.json
.....................
WARNING: the benchmark result may be unstable
* Not enough samples to get a stable result (95% certainly of less than 1% variation)

Try to rerun the benchmark with more runs, values and/or loops.
Run 'python3-dbg -m pyperf system tune' command to reduce the system jitter.
Use pyperf stats, pyperf dump and pyperf hist to analyze results.
Use --quiet option to hide these warnings.

mdp: Mean +- std dev: 3.36 sec +- 0.14 sec
==> [optimized] perf record FLAT (cpu-clock, 999 Hz, no call graph) -> perf_optimized_flat.data
Couldn't record kernel reference relocation symbol
Symbol resolution may be skewed if relocation was used (e.g. kexec).
Check /proc/kallsyms permission or run as root.
perf_event__synthesize_bpf_events: failed to synthesize bpf images: No such file or directory
Couldn't synthesize bpf events.
.....................
WARNING: the benchmark result may be unstable
* the standard deviation (424 ms) is 11% of the mean (3.97 sec)

Try to rerun the benchmark with more runs, values and/or loops.
Run 'python3-dbg -m pyperf system tune' command to reduce the system jitter.
Use pyperf stats, pyperf dump and pyperf hist to analyze results.
Use --quiet option to hide these warnings.

mdp: Mean +- std dev: 3.97 sec +- 0.42 sec
[ perf record: Woken up 43 times to write data ]
[ perf record: Captured and wrote 10.673 MB perf_optimized_flat.data (277248 samples) ]
Warning:
Kernel address maps (/proc/{kallsyms,modules}) were restricted.

Check /proc/sys/kernel/kptr_restrict before running 'perf record'.

As no suitable kallsyms nor vmlinux was found, kernel samples
can't be resolved.

Samples in kernel modules can't be resolved as well.

==> [optimized] perf record (cpu-clock, 999 Hz, frame-pointer call graph) -> perf_optimized.data
Couldn't record kernel reference relocation symbol
Symbol resolution may be skewed if relocation was used (e.g. kexec).
Check /proc/kallsyms permission or run as root.
perf_event__synthesize_bpf_events: failed to synthesize bpf images: No such file or directory
Couldn't synthesize bpf events.
.....................
WARNING: the benchmark result may be unstable
* Not enough samples to get a stable result (95% certainly of less than 1% variation)

Try to rerun the benchmark with more runs, values and/or loops.
Run 'python3-dbg -m pyperf system tune' command to reduce the system jitter.
Use pyperf stats, pyperf dump and pyperf hist to analyze results.
Use --quiet option to hide these warnings.

mdp: Mean +- std dev: 4.04 sec +- 0.28 sec
[ perf record: Woken up 81 times to write data ]
[ perf record: Captured and wrote 20.037 MB perf_optimized.data (276940 samples) ]
==> [optimized] perf report --stdio -> perf_optimized_report.txt
Warning:
Kernel address maps (/proc/{kallsyms,modules}) were restricted.

Check /proc/sys/kernel/kptr_restrict before running 'perf record'.

As no suitable kallsyms nor vmlinux was found, kernel samples
can't be resolved.

Samples in kernel modules can't be resolved as well.

==> [optimized] flame graph -> flamegraph_optimized.svg
==> [optimized] cProfile caller/callee graph -> profile_callers_optimized.txt
OK result=0.8987358988699945 -> wrote profile_callers_optimized.txt
==> [optimized] done. flat: # Samples: 277K of event 'cpu-clock' | call-graph: # Samples: 276K of event 'cpu-clock'
==> Comparing baseline vs optimized
Mean +- std dev: [mdp_baseline] 10.5 sec +- 0.7 sec -> [mdp_optimized] 3.36 sec +- 0.14 sec: 3.12x faster
==> All done. Outputs are in /root/HW-SW-Proj/Mdp
